// Jest Snapshot v1, https://goo.gl/fbAQLP

exports[`Orcherstration Stack form should render copy variant 1`] = `ReactWrapper {}`;
