// Jest Snapshot v1, https://goo.gl/fbAQLP

exports[`GenericGroup renders just fine 1`] = `
<GenericGroup
  items={
    Array [
      Object {
        "hoverClass": "bar",
        "label": "foo",
        "value": "bar",
      },
      Object {
        "hoverClass": "bar",
        "label": "mrkef?",
        "value": "v zime!",
      },
    ]
  }
  onClick={[Function]}
  title="Foo Bar"
>
  <MiqStructuredList
    headers={Array []}
    mode="generic_group"
    onClick={[Function]}
    rows={
      Array [
        Object {
          "hoverClass": "bar",
          "label": "foo",
          "value": "bar",
        },
        Object {
          "hoverClass": "bar",
          "label": "mrkef?",
          "value": "v zime!",
        },
      ]
    }
    title="Foo Bar"
  >
    <h3>
      Foo Bar
    </h3>
    <FeatureToggle(StructuredListWrapper)
      ariaLabel="Structured list"
      className="miq-structured-list generic_group"
    >
      <StructuredListWrapper
        ariaLabel="Structured list"
        className="miq-structured-list generic_group"
        isCondensed={false}
        isFlush={false}
        selection={false}
      >
        <div
          aria-label="Structured list"
          className="bx--structured-list miq-structured-list generic_group"
          role="table"
        >
          <FeatureToggle(StructuredListBody)>
            <StructuredListBody
              onKeyDown={[Function]}
            >
              <div
                className="bx--structured-list-tbody"
                onKeyDown={[Function]}
                role="rowgroup"
              >
                <FeatureToggle(StructuredListRow)
                  key="0"
                  tabIndex={0}
                >
                  <StructuredListRow
                    head={false}
                    label={false}
                    onKeyDown={[Function]}
                    tabIndex={0}
                  >
                    <div
                      className="bx--structured-list-row"
                      role="row"
                    >
                      <FeatureToggle(StructuredListCell)
                        className="label_header"
                      >
                        <StructuredListCell
                          className="label_header"
                          head={false}
                          noWrap={false}
                        >
                          <div
                            className="label_header bx--structured-list-td"
                            role="cell"
                          >
                            foo
                          </div>
                        </StructuredListCell>
                      </FeatureToggle(StructuredListCell)>
                      <FeatureToggle(StructuredListCell)
                        className="content_value"
                      >
                        <StructuredListCell
                          className="content_value"
                          head={false}
                          noWrap={false}
                        >
                          <div
                            className="content_value bx--structured-list-td"
                            role="cell"
                          >
                            <div
                              className="content"
                            >
                              bar
                            </div>
                          </div>
                        </StructuredListCell>
                      </FeatureToggle(StructuredListCell)>
                    </div>
                  </StructuredListRow>
                </FeatureToggle(StructuredListRow)>
                <FeatureToggle(StructuredListRow)
                  key="1"
                  tabIndex={1}
                >
                  <StructuredListRow
                    head={false}
                    label={false}
                    onKeyDown={[Function]}
                    tabIndex={1}
                  >
                    <div
                      className="bx--structured-list-row"
                      role="row"
                    >
                      <FeatureToggle(StructuredListCell)
                        className="label_header"
                      >
                        <StructuredListCell
                          className="label_header"
                          head={false}
                          noWrap={false}
                        >
                          <div
                            className="label_header bx--structured-list-td"
                            role="cell"
                          >
                            mrkef?
                          </div>
                        </StructuredListCell>
                      </FeatureToggle(StructuredListCell)>
                      <FeatureToggle(StructuredListCell)
                        className="content_value"
                      >
                        <StructuredListCell
                          className="content_value"
                          head={false}
                          noWrap={false}
                        >
                          <div
                            className="content_value bx--structured-list-td"
                            role="cell"
                          >
                            <div
                              className="content"
                            >
                              v zime!
                            </div>
                          </div>
                        </StructuredListCell>
                      </FeatureToggle(StructuredListCell)>
                    </div>
                  </StructuredListRow>
                </FeatureToggle(StructuredListRow)>
              </div>
            </StructuredListBody>
          </FeatureToggle(StructuredListBody)>
        </div>
      </StructuredListWrapper>
    </FeatureToggle(StructuredListWrapper)>
  </MiqStructuredList>
  <table
    className="table table-bordered table-hover table-striped table-summary-screen generic_groups"
  >
    <thead>
      <tr>
        <th
          align="left"
          colSpan="2"
        >
          Foo Bar
        </th>
      </tr>
    </thead>
    <tbody>
      <GenericTableRow
        item={
          Object {
            "hoverClass": "bar",
            "label": "foo",
            "value": "bar",
          }
        }
        key="0"
        onClick={[Function]}
      >
        <tr
          className="bar"
        >
          <td
            className="label generic-row-label"
          >
            foo
          </td>
          <td>
            <div
              className="text_summary_button"
              id="text_summary_button"
            >
              <IconOrImage
                background={null}
                icon={null}
                image={null}
                title={null}
              />
              <Button
                dangerDescription="danger"
                disabled={false}
                isExpressive={false}
                kind="ghost"
                size="sm"
                tabIndex={0}
                tooltipAlignment="center"
                tooltipPosition="top"
                type="button"
              >
                <button
                  aria-describedby={null}
                  aria-pressed={null}
                  className="bx--btn bx--btn--sm bx--btn--ghost"
                  disabled={false}
                  onBlur={[Function]}
                  onClick={[Function]}
                  onFocus={[Function]}
                  onMouseEnter={[Function]}
                  onMouseLeave={[Function]}
                  tabIndex={0}
                  type="button"
                >
                  <span>
                     
                    bar
                  </span>
                </button>
              </Button>
            </div>
          </td>
        </tr>
      </GenericTableRow>
      <GenericTableRow
        item={
          Object {
            "hoverClass": "bar",
            "label": "mrkef?",
            "value": "v zime!",
          }
        }
        key="1"
        onClick={[Function]}
      >
        <tr
          className="bar"
        >
          <td
            className="label generic-row-label"
          >
            mrkef?
          </td>
          <td>
            <div
              className="text_summary_button"
              id="text_summary_button"
            >
              <IconOrImage
                background={null}
                icon={null}
                image={null}
                title={null}
              />
              <Button
                dangerDescription="danger"
                disabled={false}
                isExpressive={false}
                kind="ghost"
                size="sm"
                tabIndex={0}
                tooltipAlignment="center"
                tooltipPosition="top"
                type="button"
              >
                <button
                  aria-describedby={null}
                  aria-pressed={null}
                  className="bx--btn bx--btn--sm bx--btn--ghost"
                  disabled={false}
                  onBlur={[Function]}
                  onClick={[Function]}
                  onFocus={[Function]}
                  onMouseEnter={[Function]}
                  onMouseLeave={[Function]}
                  tabIndex={0}
                  type="button"
                >
                  <span>
                     
                    v zime!
                  </span>
                </button>
              </Button>
            </div>
          </td>
        </tr>
      </GenericTableRow>
    </tbody>
  </table>
</GenericGroup>
`;
