// Jest Snapshot v1, https://goo.gl/fbAQLP

exports[`Simple Table renders just fine... 1`] = `
<SimpleTable
  labels={
    Array [
      "Network Protocol",
      "Host Protocol",
      "Direction",
      "Port",
      "End Port",
      "Source",
    ]
  }
  onClick={[Function]}
  rows={
    Array [
      Array [
        null,
        "-1",
        "outbound",
        0,
        0,
        "0.0.0.0/0",
      ],
      Array [
        null,
        "TCP",
        "inbound",
        22,
        22,
        "0.0.0.0/0",
      ],
      Array [
        null,
        Object {
          "link": "some_link",
          "value": Array [
            "TCP",
          ],
        },
        "inbound",
        80,
        80,
        "0.0.0.0/0",
      ],
    ]
  }
  title="Firewall Rules"
>
  <MiqStructuredList
    headers={
      Array [
        "Network Protocol",
        "Host Protocol",
        "Direction",
        "Port",
        "End Port",
        "Source",
      ]
    }
    mode="simple_table"
    rows={
      Array [
        Array [
          null,
          "-1",
          "outbound",
          0,
          0,
          "0.0.0.0/0",
        ],
        Array [
          null,
          "TCP",
          "inbound",
          22,
          22,
          "0.0.0.0/0",
        ],
        Array [
          null,
          Object {
            "link": "some_link",
            "value": Array [
              "TCP",
            ],
          },
          "inbound",
          80,
          80,
          "0.0.0.0/0",
        ],
      ]
    }
    title="Firewall Rules"
  >
    <h3>
      Firewall Rules
    </h3>
    <FeatureToggle(StructuredListWrapper)
      ariaLabel="Structured list"
      className="miq-structured-list simple_table"
    >
      <StructuredListWrapper
        ariaLabel="Structured list"
        className="miq-structured-list simple_table"
        isCondensed={false}
        isFlush={false}
        selection={false}
      >
        <div
          aria-label="Structured list"
          className="bx--structured-list miq-structured-list simple_table"
          role="table"
        >
          <FeatureToggle(StructuredListHead)>
            <StructuredListHead>
              <div
                className="bx--structured-list-thead"
                role="rowgroup"
              >
                <FeatureToggle(StructuredListRow)
                  head={true}
                  tabIndex={0}
                >
                  <StructuredListRow
                    head={true}
                    label={false}
                    onKeyDown={[Function]}
                    tabIndex={0}
                  >
                    <div
                      className="bx--structured-list-row bx--structured-list-row--header-row"
                      role="row"
                    >
                      <FeatureToggle(StructuredListCell)
                        className="list_header"
                        head={true}
                        key="0"
                      >
                        <StructuredListCell
                          className="list_header"
                          head={true}
                          noWrap={false}
                        >
                          <div
                            className="list_header bx--structured-list-th"
                            role="columnheader"
                          >
                            Network Protocol
                          </div>
                        </StructuredListCell>
                      </FeatureToggle(StructuredListCell)>
                      <FeatureToggle(StructuredListCell)
                        className="list_header"
                        head={true}
                        key="1"
                      >
                        <StructuredListCell
                          className="list_header"
                          head={true}
                          noWrap={false}
                        >
                          <div
                            className="list_header bx--structured-list-th"
                            role="columnheader"
                          >
                            Host Protocol
                          </div>
                        </StructuredListCell>
                      </FeatureToggle(StructuredListCell)>
                      <FeatureToggle(StructuredListCell)
                        className="list_header"
                        head={true}
                        key="2"
                      >
                        <StructuredListCell
                          className="list_header"
                          head={true}
                          noWrap={false}
                        >
                          <div
                            className="list_header bx--structured-list-th"
                            role="columnheader"
                          >
                            Direction
                          </div>
                        </StructuredListCell>
                      </FeatureToggle(StructuredListCell)>
                      <FeatureToggle(StructuredListCell)
                        className="list_header"
                        head={true}
                        key="3"
                      >
                        <StructuredListCell
                          className="list_header"
                          head={true}
                          noWrap={false}
                        >
                          <div
                            className="list_header bx--structured-list-th"
                            role="columnheader"
                          >
                            Port
                          </div>
                        </StructuredListCell>
                      </FeatureToggle(StructuredListCell)>
                      <FeatureToggle(StructuredListCell)
                        className="list_header"
                        head={true}
                        key="4"
                      >
                        <StructuredListCell
                          className="list_header"
                          head={true}
                          noWrap={false}
                        >
                          <div
                            className="list_header bx--structured-list-th"
                            role="columnheader"
                          >
                            End Port
                          </div>
                        </StructuredListCell>
                      </FeatureToggle(StructuredListCell)>
                      <FeatureToggle(StructuredListCell)
                        className="list_header"
                        head={true}
                        key="5"
                      >
                        <StructuredListCell
                          className="list_header"
                          head={true}
                          noWrap={false}
                        >
                          <div
                            className="list_header bx--structured-list-th"
                            role="columnheader"
                          >
                            Source
                          </div>
                        </StructuredListCell>
                      </FeatureToggle(StructuredListCell)>
                    </div>
                  </StructuredListRow>
                </FeatureToggle(StructuredListRow)>
              </div>
            </StructuredListHead>
          </FeatureToggle(StructuredListHead)>
          <FeatureToggle(StructuredListBody)>
            <StructuredListBody
              onKeyDown={[Function]}
            >
              <div
                className="bx--structured-list-tbody"
                onKeyDown={[Function]}
                role="rowgroup"
              >
                <FeatureToggle(StructuredListRow)
                  key="0"
                  tabIndex={0}
                >
                  <StructuredListRow
                    head={false}
                    label={false}
                    onKeyDown={[Function]}
                    tabIndex={0}
                  >
                    <div
                      className="bx--structured-list-row"
                      role="row"
                    >
                      <FeatureToggle(StructuredListCell)
                        className="content_value"
                        key="0"
                      >
                        <StructuredListCell
                          className="content_value"
                          head={false}
                          noWrap={false}
                        >
                          <div
                            className="content_value bx--structured-list-td"
                            role="cell"
                          />
                        </StructuredListCell>
                      </FeatureToggle(StructuredListCell)>
                      <FeatureToggle(StructuredListCell)
                        className="content_value"
                        key="1"
                      >
                        <StructuredListCell
                          className="content_value"
                          head={false}
                          noWrap={false}
                        >
                          <div
                            className="content_value bx--structured-list-td"
                            role="cell"
                          >
                            -1
                          </div>
                        </StructuredListCell>
                      </FeatureToggle(StructuredListCell)>
                      <FeatureToggle(StructuredListCell)
                        className="content_value"
                        key="2"
                      >
                        <StructuredListCell
                          className="content_value"
                          head={false}
                          noWrap={false}
                        >
                          <div
                            className="content_value bx--structured-list-td"
                            role="cell"
                          >
                            outbound
                          </div>
                        </StructuredListCell>
                      </FeatureToggle(StructuredListCell)>
                      <FeatureToggle(StructuredListCell)
                        className="content_value"
                        key="3"
                      >
                        <StructuredListCell
                          className="content_value"
                          head={false}
                          noWrap={false}
                        >
                          <div
                            className="content_value bx--structured-list-td"
                            role="cell"
                          />
                        </StructuredListCell>
                      </FeatureToggle(StructuredListCell)>
                      <FeatureToggle(StructuredListCell)
                        className="content_value"
                        key="4"
                      >
                        <StructuredListCell
                          className="content_value"
                          head={false}
                          noWrap={false}
                        >
                          <div
                            className="content_value bx--structured-list-td"
                            role="cell"
                          />
                        </StructuredListCell>
                      </FeatureToggle(StructuredListCell)>
                      <FeatureToggle(StructuredListCell)
                        className="content_value"
                        key="5"
                      >
                        <StructuredListCell
                          className="content_value"
                          head={false}
                          noWrap={false}
                        >
                          <div
                            className="content_value bx--structured-list-td"
                            role="cell"
                          >
                            0.0.0.0/0
                          </div>
                        </StructuredListCell>
                      </FeatureToggle(StructuredListCell)>
                    </div>
                  </StructuredListRow>
                </FeatureToggle(StructuredListRow)>
                <FeatureToggle(StructuredListRow)
                  key="1"
                  tabIndex={1}
                >
                  <StructuredListRow
                    head={false}
                    label={false}
                    onKeyDown={[Function]}
                    tabIndex={1}
                  >
                    <div
                      className="bx--structured-list-row"
                      role="row"
                    >
                      <FeatureToggle(StructuredListCell)
                        className="content_value"
                        key="0"
                      >
                        <StructuredListCell
                          className="content_value"
                          head={false}
                          noWrap={false}
                        >
                          <div
                            className="content_value bx--structured-list-td"
                            role="cell"
                          />
                        </StructuredListCell>
                      </FeatureToggle(StructuredListCell)>
                      <FeatureToggle(StructuredListCell)
                        className="content_value"
                        key="1"
                      >
                        <StructuredListCell
                          className="content_value"
                          head={false}
                          noWrap={false}
                        >
                          <div
                            className="content_value bx--structured-list-td"
                            role="cell"
                          >
                            TCP
                          </div>
                        </StructuredListCell>
                      </FeatureToggle(StructuredListCell)>
                      <FeatureToggle(StructuredListCell)
                        className="content_value"
                        key="2"
                      >
                        <StructuredListCell
                          className="content_value"
                          head={false}
                          noWrap={false}
                        >
                          <div
                            className="content_value bx--structured-list-td"
                            role="cell"
                          >
                            inbound
                          </div>
                        </StructuredListCell>
                      </FeatureToggle(StructuredListCell)>
                      <FeatureToggle(StructuredListCell)
                        className="content_value"
                        key="3"
                      >
                        <StructuredListCell
                          className="content_value"
                          head={false}
                          noWrap={false}
                        >
                          <div
                            className="content_value bx--structured-list-td"
                            role="cell"
                          >
                            22
                          </div>
                        </StructuredListCell>
                      </FeatureToggle(StructuredListCell)>
                      <FeatureToggle(StructuredListCell)
                        className="content_value"
                        key="4"
                      >
                        <StructuredListCell
                          className="content_value"
                          head={false}
                          noWrap={false}
                        >
                          <div
                            className="content_value bx--structured-list-td"
                            role="cell"
                          >
                            22
                          </div>
                        </StructuredListCell>
                      </FeatureToggle(StructuredListCell)>
                      <FeatureToggle(StructuredListCell)
                        className="content_value"
                        key="5"
                      >
                        <StructuredListCell
                          className="content_value"
                          head={false}
                          noWrap={false}
                        >
                          <div
                            className="content_value bx--structured-list-td"
                            role="cell"
                          >
                            0.0.0.0/0
                          </div>
                        </StructuredListCell>
                      </FeatureToggle(StructuredListCell)>
                    </div>
                  </StructuredListRow>
                </FeatureToggle(StructuredListRow)>
                <FeatureToggle(StructuredListRow)
                  key="2"
                  tabIndex={2}
                >
                  <StructuredListRow
                    head={false}
                    label={false}
                    onKeyDown={[Function]}
                    tabIndex={2}
                  >
                    <div
                      className="bx--structured-list-row"
                      role="row"
                    >
                      <FeatureToggle(StructuredListCell)
                        className="content_value"
                        key="0"
                      >
                        <StructuredListCell
                          className="content_value"
                          head={false}
                          noWrap={false}
                        >
                          <div
                            className="content_value bx--structured-list-td"
                            role="cell"
                          />
                        </StructuredListCell>
                      </FeatureToggle(StructuredListCell)>
                      <FeatureToggle(StructuredListCell)
                        className="content_value"
                        key="1"
                      >
                        <StructuredListCell
                          className="content_value"
                          head={false}
                          noWrap={false}
                        >
                          <div
                            className="content_value bx--structured-list-td"
                            role="cell"
                          >
                            <a
                              className="cell_link"
                              href="some_link"
                              onClick={[Function]}
                            >
                              <div
                                className="content"
                              >
                                <div
                                  className="multi_row_cell"
                                >
                                  <div
                                    className="sub_row_item"
                                    key="0"
                                  >
                                    <div
                                      className="sub_value"
                                    />
                                  </div>
                                </div>
                              </div>
                            </a>
                          </div>
                        </StructuredListCell>
                      </FeatureToggle(StructuredListCell)>
                      <FeatureToggle(StructuredListCell)
                        className="content_value"
                        key="2"
                      >
                        <StructuredListCell
                          className="content_value"
                          head={false}
                          noWrap={false}
                        >
                          <div
                            className="content_value bx--structured-list-td"
                            role="cell"
                          >
                            inbound
                          </div>
                        </StructuredListCell>
                      </FeatureToggle(StructuredListCell)>
                      <FeatureToggle(StructuredListCell)
                        className="content_value"
                        key="3"
                      >
                        <StructuredListCell
                          className="content_value"
                          head={false}
                          noWrap={false}
                        >
                          <div
                            className="content_value bx--structured-list-td"
                            role="cell"
                          >
                            80
                          </div>
                        </StructuredListCell>
                      </FeatureToggle(StructuredListCell)>
                      <FeatureToggle(StructuredListCell)
                        className="content_value"
                        key="4"
                      >
                        <StructuredListCell
                          className="content_value"
                          head={false}
                          noWrap={false}
                        >
                          <div
                            className="content_value bx--structured-list-td"
                            role="cell"
                          >
                            80
                          </div>
                        </StructuredListCell>
                      </FeatureToggle(StructuredListCell)>
                      <FeatureToggle(StructuredListCell)
                        className="content_value"
                        key="5"
                      >
                        <StructuredListCell
                          className="content_value"
                          head={false}
                          noWrap={false}
                        >
                          <div
                            className="content_value bx--structured-list-td"
                            role="cell"
                          >
                            0.0.0.0/0
                          </div>
                        </StructuredListCell>
                      </FeatureToggle(StructuredListCell)>
                    </div>
                  </StructuredListRow>
                </FeatureToggle(StructuredListRow)>
              </div>
            </StructuredListBody>
          </FeatureToggle(StructuredListBody)>
        </div>
      </StructuredListWrapper>
    </FeatureToggle(StructuredListWrapper)>
  </MiqStructuredList>
  <table
    className="table table-bordered table-hover table-striped table-summary-screen simple_table"
  >
    <thead>
      <tr>
        <th
          align="left"
          colSpan={6}
        >
          Firewall Rules
        </th>
      </tr>
      <tr>
        <td
          key="0"
          style={
            Object {
              "wordBreak": "initial",
            }
          }
        >
          <strong>
            Network Protocol
          </strong>
        </td>
        <td
          key="1"
          style={
            Object {
              "wordBreak": "initial",
            }
          }
        >
          <strong>
            Host Protocol
          </strong>
        </td>
        <td
          key="2"
          style={
            Object {
              "wordBreak": "initial",
            }
          }
        >
          <strong>
            Direction
          </strong>
        </td>
        <td
          key="3"
          style={
            Object {
              "wordBreak": "initial",
            }
          }
        >
          <strong>
            Port
          </strong>
        </td>
        <td
          key="4"
          style={
            Object {
              "wordBreak": "initial",
            }
          }
        >
          <strong>
            End Port
          </strong>
        </td>
        <td
          key="5"
          style={
            Object {
              "wordBreak": "initial",
            }
          }
        >
          <strong>
            Source
          </strong>
        </td>
      </tr>
    </thead>
    <tbody>
      <tr
        key="0"
      >
        <td
          className="no-hover"
          key="0"
        />
        <td
          className="no-hover"
          key="1"
        >
          -1
        </td>
        <td
          className="no-hover"
          key="2"
        >
          outbound
        </td>
        <td
          className="no-hover"
          key="3"
        >
          0
        </td>
        <td
          className="no-hover"
          key="4"
        >
          0
        </td>
        <td
          className="no-hover"
          key="5"
        >
          0.0.0.0/0
        </td>
      </tr>
      <tr
        key="1"
      >
        <td
          className="no-hover"
          key="0"
        />
        <td
          className="no-hover"
          key="1"
        >
          TCP
        </td>
        <td
          className="no-hover"
          key="2"
        >
          inbound
        </td>
        <td
          className="no-hover"
          key="3"
        >
          22
        </td>
        <td
          className="no-hover"
          key="4"
        >
          22
        </td>
        <td
          className="no-hover"
          key="5"
        >
          0.0.0.0/0
        </td>
      </tr>
      <tr
        key="2"
      >
        <td
          className="no-hover"
          key="0"
        />
        <td
          className="btn-link"
          key="1"
        >
          <a
            href="some_link"
            onClick={[Function]}
          >
            TCP
          </a>
        </td>
        <td
          className="no-hover"
          key="2"
        >
          inbound
        </td>
        <td
          className="no-hover"
          key="3"
        >
          80
        </td>
        <td
          className="no-hover"
          key="4"
        >
          80
        </td>
        <td
          className="no-hover"
          key="5"
        >
          0.0.0.0/0
        </td>
      </tr>
    </tbody>
  </table>
</SimpleTable>
`;
