// Jest Snapshot v1, https://goo.gl/fbAQLP

exports[`TagGroup renders just fine 1`] = `
<TagGroup
  items={
    Array [
      Object {
        "hoverClass": "no-hover",
        "icon": "pficon pficon-zone",
        "label": "Managed by Zone",
        "value": "default",
      },
      Object {
        "hoverClass": "no-hover",
        "label": "My Company X Tags",
        "value": Array [
          Object {
            "icon": "fa fa-tag",
            "label": "Dan Test",
            "value": Array [
              "Test 1",
            ],
          },
          Object {
            "icon": "fa fa-tag",
            "label": "Demo bla",
            "value": Array [
              "Policy",
              "2",
            ],
          },
        ],
      },
      Object {
        "label": "Other Tags",
        "title": "All Other Tags",
        "value": Array [
          Object {
            "icon": "fa fa-tag",
            "label": "Test",
            "value": Array [
              "Test 1",
            ],
          },
          Object {
            "icon": "fa fa-tag",
            "label": "Demo 2",
            "value": Array [
              "Policy",
              "2",
              "3",
            ],
          },
          Object {
            "link": "You clicked on Demo 3",
            "title": "Click to display the item",
            "value": Array [
              "Demo 3",
            ],
          },
        ],
      },
    ]
  }
  title="Smart Management"
>
  <MiqStructuredList
    headers={Array []}
    mode="tag_group"
    onClick={[Function]}
    rows={
      Array [
        Object {
          "hoverClass": "no-hover",
          "icon": "pficon pficon-zone",
          "label": "Managed by Zone",
          "value": "default",
        },
        Object {
          "hoverClass": "no-hover",
          "label": "My Company X Tags",
          "value": Array [
            Object {
              "icon": "fa fa-tag",
              "label": "Dan Test",
              "value": Array [
                "Test 1",
              ],
            },
            Object {
              "icon": "fa fa-tag",
              "label": "Demo bla",
              "value": Array [
                "Policy",
                "2",
              ],
            },
          ],
        },
        Object {
          "label": "Other Tags",
          "title": "All Other Tags",
          "value": Array [
            Object {
              "icon": "fa fa-tag",
              "label": "Test",
              "value": Array [
                "Test 1",
              ],
            },
            Object {
              "icon": "fa fa-tag",
              "label": "Demo 2",
              "value": Array [
                "Policy",
                "2",
                "3",
              ],
            },
            Object {
              "link": "You clicked on Demo 3",
              "title": "Click to display the item",
              "value": Array [
                "Demo 3",
              ],
            },
          ],
        },
      ]
    }
    title="Smart Management"
  >
    <h3>
      Smart Management
    </h3>
    <FeatureToggle(StructuredListWrapper)
      ariaLabel="Structured list"
      className="miq-structured-list tag_group"
    >
      <StructuredListWrapper
        ariaLabel="Structured list"
        className="miq-structured-list tag_group"
        isCondensed={false}
        isFlush={false}
        selection={false}
      >
        <div
          aria-label="Structured list"
          className="bx--structured-list miq-structured-list tag_group"
          role="table"
        >
          <FeatureToggle(StructuredListBody)>
            <StructuredListBody
              onKeyDown={[Function]}
            >
              <div
                className="bx--structured-list-tbody"
                onKeyDown={[Function]}
                role="rowgroup"
              >
                <FeatureToggle(StructuredListRow)
                  key="0"
                  tabIndex={0}
                >
                  <StructuredListRow
                    head={false}
                    label={false}
                    onKeyDown={[Function]}
                    tabIndex={0}
                  >
                    <div
                      className="bx--structured-list-row"
                      role="row"
                    >
                      <FeatureToggle(StructuredListCell)
                        className="label_header"
                      >
                        <StructuredListCell
                          className="label_header"
                          head={false}
                          noWrap={false}
                        >
                          <div
                            className="label_header bx--structured-list-td"
                            role="cell"
                          >
                            Managed by Zone
                          </div>
                        </StructuredListCell>
                      </FeatureToggle(StructuredListCell)>
                      <FeatureToggle(StructuredListCell)
                        className="content_value"
                      >
                        <StructuredListCell
                          className="content_value"
                          head={false}
                          noWrap={false}
                        >
                          <div
                            className="content_value bx--structured-list-td"
                            role="cell"
                          >
                            <div
                              className="content"
                            >
                              <div
                                className="cell icon"
                              >
                                <i
                                  className="pficon pficon-zone"
                                  style={
                                    Object {
                                      "background": undefined,
                                    }
                                  }
                                />
                              </div>
                              default
                            </div>
                          </div>
                        </StructuredListCell>
                      </FeatureToggle(StructuredListCell)>
                    </div>
                  </StructuredListRow>
                </FeatureToggle(StructuredListRow)>
                <FeatureToggle(StructuredListRow)
                  key="1"
                  tabIndex={1}
                >
                  <StructuredListRow
                    head={false}
                    label={false}
                    onKeyDown={[Function]}
                    tabIndex={1}
                  >
                    <div
                      className="bx--structured-list-row"
                      role="row"
                    >
                      <FeatureToggle(StructuredListCell)
                        className="label_header"
                      >
                        <StructuredListCell
                          className="label_header"
                          head={false}
                          noWrap={false}
                        >
                          <div
                            className="label_header bx--structured-list-td"
                            role="cell"
                          >
                            My Company X Tags
                          </div>
                        </StructuredListCell>
                      </FeatureToggle(StructuredListCell)>
                      <FeatureToggle(StructuredListCell)
                        className="content_value"
                      >
                        <StructuredListCell
                          className="content_value"
                          head={false}
                          noWrap={false}
                        >
                          <div
                            className="content_value bx--structured-list-td"
                            role="cell"
                          >
                            <div
                              className="content"
                            >
                              <div
                                className="multi_row_cell"
                              >
                                <div
                                  className="sub_row_item"
                                  key="0"
                                >
                                  <div
                                    className="cell icon"
                                  >
                                    <i
                                      className="fa fa-tag"
                                      style={
                                        Object {
                                          "background": undefined,
                                        }
                                      }
                                    />
                                  </div>
                                  <div
                                    className="sub_label"
                                  >
                                    Dan Test
                                  </div>
                                  <div
                                    className="sub_value"
                                  >
                                    Test 1
                                  </div>
                                </div>
                                <div
                                  className="sub_row_item"
                                  key="1"
                                >
                                  <div
                                    className="cell icon"
                                  >
                                    <i
                                      className="fa fa-tag"
                                      style={
                                        Object {
                                          "background": undefined,
                                        }
                                      }
                                    />
                                  </div>
                                  <div
                                    className="sub_label"
                                  >
                                    Demo bla
                                  </div>
                                  <div
                                    className="sub_value"
                                  >
                                    Policy,2
                                  </div>
                                </div>
                              </div>
                            </div>
                          </div>
                        </StructuredListCell>
                      </FeatureToggle(StructuredListCell)>
                    </div>
                  </StructuredListRow>
                </FeatureToggle(StructuredListRow)>
                <FeatureToggle(StructuredListRow)
                  key="2"
                  tabIndex={2}
                >
                  <StructuredListRow
                    head={false}
                    label={false}
                    onKeyDown={[Function]}
                    tabIndex={2}
                  >
                    <div
                      className="bx--structured-list-row"
                      role="row"
                    >
                      <FeatureToggle(StructuredListCell)
                        className="label_header"
                      >
                        <StructuredListCell
                          className="label_header"
                          head={false}
                          noWrap={false}
                        >
                          <div
                            className="label_header bx--structured-list-td"
                            role="cell"
                          >
                            Other Tags
                          </div>
                        </StructuredListCell>
                      </FeatureToggle(StructuredListCell)>
                      <FeatureToggle(StructuredListCell)
                        className="content_value"
                      >
                        <StructuredListCell
                          className="content_value"
                          head={false}
                          noWrap={false}
                        >
                          <div
                            className="content_value bx--structured-list-td"
                            role="cell"
                          >
                            <div
                              className="content"
                            >
                              <div
                                className="multi_row_cell"
                              >
                                <div
                                  className="sub_row_item"
                                  key="0"
                                >
                                  <div
                                    className="cell icon"
                                  >
                                    <i
                                      className="fa fa-tag"
                                      style={
                                        Object {
                                          "background": undefined,
                                        }
                                      }
                                    />
                                  </div>
                                  <div
                                    className="sub_label"
                                  >
                                    Test
                                  </div>
                                  <div
                                    className="sub_value"
                                  >
                                    Test 1
                                  </div>
                                </div>
                                <div
                                  className="sub_row_item"
                                  key="1"
                                >
                                  <div
                                    className="cell icon"
                                  >
                                    <i
                                      className="fa fa-tag"
                                      style={
                                        Object {
                                          "background": undefined,
                                        }
                                      }
                                    />
                                  </div>
                                  <div
                                    className="sub_label"
                                  >
                                    Demo 2
                                  </div>
                                  <div
                                    className="sub_value"
                                  >
                                    Policy,2,3
                                  </div>
                                </div>
                                <div
                                  className="sub_row_item"
                                  key="2"
                                >
                                  <div
                                    className="sub_value"
                                  >
                                    Demo 3
                                  </div>
                                </div>
                              </div>
                            </div>
                          </div>
                        </StructuredListCell>
                      </FeatureToggle(StructuredListCell)>
                    </div>
                  </StructuredListRow>
                </FeatureToggle(StructuredListRow)>
              </div>
            </StructuredListBody>
          </FeatureToggle(StructuredListBody)>
        </div>
      </StructuredListWrapper>
    </FeatureToggle(StructuredListWrapper)>
  </MiqStructuredList>
  <table
    className="table table-bordered table-hover table-striped table-summary-screen tag_group"
  >
    <thead>
      <tr>
        <th
          align="left"
          colSpan="2"
        >
          Smart Management
        </th>
      </tr>
    </thead>
    <tbody>
      <tr
        className="no-hover"
        key="0"
      >
        <td
          className="label"
        >
          Managed by Zone
        </td>
        <td>
          <IconOrImage
            background={null}
            icon="pficon pficon-zone"
            image={null}
            title={null}
          >
            <i
              className="pficon pficon-zone"
              title={null}
            />
          </IconOrImage>
           
          default
        </td>
      </tr>
      <tr
        className="no-hover"
        key="0"
      >
        <td
          className="label"
          rowSpan={2}
        >
          My Company X Tags
        </td>
        <td>
          <IconOrImage
            background={null}
            icon="fa fa-tag"
            image={null}
            title={null}
          >
            <i
              className="fa fa-tag"
              title={null}
            />
          </IconOrImage>
          <span>
             
            Dan Test: 
            Test 1
          </span>
        </td>
      </tr>
      <tr
        className="no-hover"
        key="1"
      >
        <td>
          <IconOrImage
            background={null}
            icon="fa fa-tag"
            image={null}
            title={null}
          >
            <i
              className="fa fa-tag"
              title={null}
            />
          </IconOrImage>
          <span>
             
            Demo bla: 
            Policy
            <b>
               | 
            </b>
            2
          </span>
        </td>
      </tr>
      <tr
        className="no-hover"
        key="0"
      >
        <td
          className="label"
          rowSpan={3}
          title="All Other Tags"
        >
          Other Tags
        </td>
        <td>
          <IconOrImage
            background={null}
            icon="fa fa-tag"
            image={null}
            title={null}
          >
            <i
              className="fa fa-tag"
              title={null}
            />
          </IconOrImage>
          <span>
             
            Test: 
            Test 1
          </span>
        </td>
      </tr>
      <tr
        className="no-hover"
        key="1"
      >
        <td>
          <IconOrImage
            background={null}
            icon="fa fa-tag"
            image={null}
            title={null}
          >
            <i
              className="fa fa-tag"
              title={null}
            />
          </IconOrImage>
          <span>
             
            Demo 2: 
            Policy
            <b>
               | 
            </b>
            2
            <b>
               | 
            </b>
            3
          </span>
        </td>
      </tr>
      <tr
        className="no-hover"
        key="2"
      />
    </tbody>
  </table>
</TagGroup>
`;
