// Jest Snapshot v1, https://goo.gl/fbAQLP

exports[`DataDrivenForm should render correctly 1`] = `"<form class=\\"bx--form ddorg__carbon-form-template-form form-react\\" novalidate=\\"\\"> <div class=\\"bx--form-item bx--text-input-wrapper\\"><div class=\\"bx--text-input__field-outer-wrapper\\"><div class=\\"bx--text-input__field-wrapper\\"><input id=\\"name\\" type=\\"text\\" class=\\"bx--text-input bx--text__input\\" name=\\"name\\" value=\\"\\"></div></div></div><div class=\\"ddorg__carbon-form-template-buttons bx--btn-set\\"><button variant=\\"primary\\" tabindex=\\"0\\" class=\\"bx--btn bx--btn--primary bx--btn--disabled\\" disabled=\\"\\" type=\\"submit\\">Save</button></div> </form>"`;
