// Jest Snapshot v1, https://goo.gl/fbAQLP

exports[`DataDrivenInputWithPrefix should render correctly 1`] = `
<FormGroup
  bsClass="form-group"
>
  <div>
    <ControlLabel
      bsClass="control-label"
      srOnly={false}
    >
      foo
    </ControlLabel>
  </div>
  <div
    className="dynamic-prefix-input"
  >
    <Select
      id="dynamic-prefix-select-foo"
      input={
        Object {
          "onChange": [Function],
          "value": undefined,
        }
      }
      options={
        Array [
          Object {
            "label": "Foo",
            "value": "foo://",
          },
          Object {
            "label": "Bar",
            "value": "bar://",
          },
          Object {
            "label": "Quxx",
            "value": "https://",
          },
        ]
      }
      placeholder="Search..."
    />
  </div>
</FormGroup>
`;
