// Jest Snapshot v1, https://goo.gl/fbAQLP

exports[`Async credentials component should not render validation if validate=false 1`] = `
<Fragment>
  <DummyComponent
    isDisabled={false}
    key="foo"
    name="foo"
    onChange={[Function]}
  />
  <DummyComponent
    isDisabled={false}
    key="bar"
    name="bar"
    onChange={[Function]}
  />
  <FieldProviderComponent
    initialValue={false}
    name="async-wrapper"
    validate={[Function]}
  >
    <Component />
  </FieldProviderComponent>
</Fragment>
`;

exports[`Async credentials component should render correctly 1`] = `
<Fragment>
  <DummyComponent
    isDisabled={false}
    key="foo"
    name="foo"
    onChange={[Function]}
  />
  <DummyComponent
    isDisabled={false}
    key="bar"
    name="bar"
    onChange={[Function]}
  />
  <FieldProviderComponent
    initialValue={false}
    name="async-wrapper"
    validate={[Function]}
  >
    <Component />
  </FieldProviderComponent>
</Fragment>
`;
