// Jest Snapshot v1, https://goo.gl/fbAQLP

exports[`Edit secret field form component should render correctly 1`] = `
<FormGroup
  hasMargin={true}
  invalid={false}
  legendText="foo"
  message={false}
  messageText=""
>
  <div
    className="bx--grid"
    style={
      Object {
        "marginLeft": 0,
        "paddingLeft": 0,
      }
    }
  >
    <div
      className="bx--row"
    >
      <div
        className="bx--col-lg-15 bx--col-md-7 bx--col-sm-3"
      >
        <TextInput
          autoComplete="new-password"
          autoFocus={true}
          disabled={false}
          id="undefined-input"
          invalid={false}
          invalidText=""
          labelText=""
          style={
            Object {
              "zIndex": "initial",
            }
          }
          type="password"
          warn={false}
          warnText=""
        />
      </div>
      <div
        className="bx--col-sm-1 bx--col-md-1 bx--col-lg-1"
      >
        <Button
          hasIconOnly={true}
          kind="secondary"
          onClick={[MockFunction]}
          renderIcon={
            Object {
              "$$typeof": Symbol(react.forward_ref),
              "render": [Function],
            }
          }
          size="field"
        />
      </div>
    </div>
  </div>
</FormGroup>
`;
