// Jest Snapshot v1, https://goo.gl/fbAQLP

exports[`MiqAeClass Form Component should render add class form correctly 1`] = `""`;

exports[`MiqAeClass Form Component should render edit class form correctly 1`] = `""`;
