// Jest Snapshot v1, https://goo.gl/fbAQLP

exports[`VM common form component should render editing form variant 1 1`] = `
<Connect(MiqFormRenderer)
  onCancel={[Function]}
  onSubmit={[Function]}
  schema={
    Object {
      "fields": Array [
        Object {
          "component": "text-field",
          "id": "name",
          "isRequired": true,
          "label": "Name",
          "maxLength": 128,
          "name": "name",
          "validate": Array [
            Object {
              "type": "required",
            },
          ],
        },
      ],
    }
  }
/>
`;

exports[`VM common form component should render editing form variant 2 1`] = `
<Provider
  store={
    Object {
      "asyncReducers": Object {
        "FormButtons": [Function],
        "notificationReducer": [Function],
      },
      "dispatch": [Function],
      "getState": [Function],
      "injectReducers": [Function],
      "replaceReducer": [Function],
      "subscribe": [Function],
      Symbol(observable): [Function],
    }
  }
>
  <VmCommonRenameForm
    vmId="4351"
  >
    <Connect(MiqFormRenderer)
      onCancel={[Function]}
      onSubmit={[Function]}
      schema={
        Object {
          "fields": Array [
            Object {
              "component": "text-field",
              "id": "name",
              "isRequired": true,
              "label": "Name",
              "maxLength": 128,
              "name": "name",
              "validate": Array [
                Object {
                  "type": "required",
                },
              ],
            },
          ],
        }
      }
    >
      <MiqFormRenderer
        buttonsLabels={Object {}}
        canReset={false}
        className="form-react"
        componentMapper={
          Object {
            "checkbox": [Function],
            "code-editor": [Function],
            "date-picker": [Function],
            "dual-list-select": [Function],
            "edit-password-field": [Function],
            "field-array": [Function],
            "password-field": [Function],
            "plain-text": [Function],
            "radio": [Function],
            "select": [Function],
            "slider": [Function],
            "sub-form": [Function],
            "switch": [Function],
            "tabs": [Function],
            "text-field": [Function],
            "textarea": [Function],
            "time-picker": [Function],
            "tree-selector": [Function],
            "tree-view": [Function],
            "validate-credentials": [Function],
            "wizard": [Function],
          }
        }
        disableSubmit={
          Array [
            "pristine",
            "invalid",
          ]
        }
        dispatch={[Function]}
        onCancel={[Function]}
        onSubmit={[Function]}
        schema={
          Object {
            "fields": Array [
              Object {
                "component": "text-field",
                "id": "name",
                "isRequired": true,
                "label": "Name",
                "maxLength": 128,
                "name": "name",
                "validate": Array [
                  Object {
                    "type": "required",
                  },
                ],
              },
            ],
          }
        }
        showFormControls={true}
      >
        <FormRenderer
          FormTemplate={[Function]}
          clearOnUnmount={false}
          componentMapper={
            Object {
              "checkbox": [Function],
              "code-editor": [Function],
              "date-picker": [Function],
              "dual-list-select": [Function],
              "edit-password-field": [Function],
              "field-array": [Function],
              "password-field": [Function],
              "plain-text": [Function],
              "radio": [Function],
              "select": [Function],
              "slider": [Function],
              "spy-field": [Function],
              "sub-form": [Function],
              "switch": [Function],
              "tabs": [Function],
              "text-field": [Function],
              "textarea": [Function],
              "time-picker": [Function],
              "tree-selector": [Function],
              "tree-view": [Function],
              "validate-credentials": [Function],
              "wizard": [Function],
            }
          }
          dispatch={[Function]}
          initialValues={Object {}}
          onCancel={[Function]}
          onReset={[Function]}
          onSubmit={[Function]}
          schema={
            Object {
              "fields": Array [
                Object {
                  "component": "text-field",
                  "id": "name",
                  "isRequired": true,
                  "label": "Name",
                  "maxLength": 128,
                  "name": "name",
                  "validate": Array [
                    Object {
                      "type": "required",
                    },
                  ],
                },
                Object {
                  "component": "spy-field",
                  "initialize": undefined,
                  "name": "spy-field",
                },
              ],
            }
          }
        >
          <ReactFinalForm
            decorators={
              Array [
                [Function],
              ]
            }
            dispatch={[Function]}
            initialValues={Object {}}
            mutators={
              Object {
                "concat": [Function],
                "insert": [Function],
                "move": [Function],
                "pop": [Function],
                "push": [Function],
                "remove": [Function],
                "removeBatch": [Function],
                "shift": [Function],
                "swap": [Function],
                "unshift": [Function],
                "update": [Function],
              }
            }
            onSubmit={[Function]}
            render={[Function]}
            subscription={
              Object {
                "pristine": true,
                "submitting": true,
                "valid": true,
              }
            }
          >
            <Component
              formFields={
                Array [
                  <SingleField
                    component="text-field"
                    id="name"
                    isRequired={true}
                    label="Name"
                    maxLength={128}
                    name="name"
                    validate={
                      Array [
                        Object {
                          "type": "required",
                        },
                      ]
                    }
                  />,
                  <SingleField
                    component="spy-field"
                    name="spy-field"
                  />,
                ]
              }
              schema={
                Object {
                  "fields": Array [
                    Object {
                      "component": "text-field",
                      "id": "name",
                      "isRequired": true,
                      "label": "Name",
                      "maxLength": 128,
                      "name": "name",
                      "validate": Array [
                        Object {
                          "type": "required",
                        },
                      ],
                    },
                    Object {
                      "component": "spy-field",
                      "initialize": undefined,
                      "name": "spy-field",
                    },
                  ],
                }
              }
            >
              <WrappedFormTemplate
                canReset={false}
                cancelLabel="Cancel"
                disableSubmit={
                  Array [
                    "pristine",
                    "invalid",
                  ]
                }
                formFields={
                  Array [
                    <SingleField
                      component="text-field"
                      id="name"
                      isRequired={true}
                      label="Name"
                      maxLength={128}
                      name="name"
                      validate={
                        Array [
                          Object {
                            "type": "required",
                          },
                        ]
                      }
                    />,
                    <SingleField
                      component="spy-field"
                      name="spy-field"
                    />,
                  ]
                }
                formWrapperProps={
                  Object {
                    "className": "form-react",
                  }
                }
                resetLabel="Reset"
                schema={
                  Object {
                    "fields": Array [
                      Object {
                        "component": "text-field",
                        "id": "name",
                        "isRequired": true,
                        "label": "Name",
                        "maxLength": 128,
                        "name": "name",
                        "validate": Array [
                          Object {
                            "type": "required",
                          },
                        ],
                      },
                      Object {
                        "component": "spy-field",
                        "initialize": undefined,
                        "name": "spy-field",
                      },
                    ],
                  }
                }
                showFormControls={true}
                submitLabel="Save"
              >
                <FormTemplate
                  Button={[Function]}
                  ButtonGroup={[Function]}
                  Description={[Function]}
                  FormWrapper={[Function]}
                  Header={[Function]}
                  Title={[Function]}
                  buttonOrder={
                    Array [
                      "submit",
                      "reset",
                      "cancel",
                    ]
                  }
                  canReset={false}
                  cancelLabel="Cancel"
                  disableSubmit={
                    Array [
                      "pristine",
                      "invalid",
                    ]
                  }
                  formFields={
                    Array [
                      <SingleField
                        component="text-field"
                        id="name"
                        isRequired={true}
                        label="Name"
                        maxLength={128}
                        name="name"
                        validate={
                          Array [
                            Object {
                              "type": "required",
                            },
                          ]
                        }
                      />,
                      <SingleField
                        component="spy-field"
                        name="spy-field"
                      />,
                    ]
                  }
                  formWrapperProps={
                    Object {
                      "className": "form-react",
                    }
                  }
                  resetLabel="Reset"
                  schema={
                    Object {
                      "fields": Array [
                        Object {
                          "component": "text-field",
                          "id": "name",
                          "isRequired": true,
                          "label": "Name",
                          "maxLength": 128,
                          "name": "name",
                          "validate": Array [
                            Object {
                              "type": "required",
                            },
                          ],
                        },
                        Object {
                          "component": "spy-field",
                          "initialize": undefined,
                          "name": "spy-field",
                        },
                      ],
                    }
                  }
                  showFormControls={true}
                  submitLabel="Save"
                >
                  <Form
                    className="form-react"
                    onSubmit={[Function]}
                  >
                    <Form
                      className="ddorg__carbon-form-template-form form-react"
                      noValidate={true}
                      onSubmit={[Function]}
                    >
                      <form
                        className="bx--form ddorg__carbon-form-template-form form-react"
                        noValidate={true}
                        onSubmit={[Function]}
                      >
                         
                        <SingleField
                          component="text-field"
                          id="name"
                          isRequired={true}
                          key="name"
                          label="Name"
                          maxLength={128}
                          name="name"
                          validate={
                            Array [
                              Object {
                                "type": "required",
                              },
                            ]
                          }
                        >
                          <FormConditionWrapper
                            field={
                              Object {
                                "component": "text-field",
                                "id": "name",
                                "isRequired": true,
                                "label": "Name",
                                "maxLength": 128,
                                "name": "name",
                                "validate": Array [
                                  Object {
                                    "type": "required",
                                  },
                                ],
                              }
                            }
                          >
                            <FormFieldHideWrapper
                              hideField={false}
                            >
                              <TextField
                                component="text-field"
                                id="name"
                                isRequired={true}
                                label="Name"
                                maxLength={128}
                                name="name"
                                validate={
                                  Array [
                                    Object {
                                      "type": "required",
                                    },
                                  ]
                                }
                              >
                                <ForwardRef(TextInput)
                                  disabled={false}
                                  helperText=""
                                  id="name"
                                  inline={false}
                                  invalid={false}
                                  invalidText=""
                                  key="name"
                                  labelText={
                                    <IsRequired>
                                      Name
                                    </IsRequired>
                                  }
                                  light={false}
                                  maxLength={128}
                                  name="name"
                                  onBlur={[Function]}
                                  onChange={[Function]}
                                  onClick={[Function]}
                                  onFocus={[Function]}
                                  type="text"
                                  value=""
                                  warn={false}
                                  warnText=""
                                >
                                  <div
                                    className="bx--form-item bx--text-input-wrapper"
                                  >
                                    <label
                                      className="bx--label"
                                      htmlFor="name"
                                    >
                                      <IsRequired>
                                        <span
                                          aria-hidden="true"
                                          className="ddorg__carbon-component-mapper_is-required"
                                        >
                                          *
                                        </span>
                                        Name
                                      </IsRequired>
                                    </label>
                                    <div
                                      className="bx--text-input__field-outer-wrapper"
                                    >
                                      <div
                                        className="bx--text-input__field-wrapper"
                                        data-invalid={null}
                                      >
                                        <input
                                          className="bx--text-input bx--text__input"
                                          disabled={false}
                                          id="name"
                                          maxLength={128}
                                          name="name"
                                          onBlur={[Function]}
                                          onChange={[Function]}
                                          onClick={[Function]}
                                          onFocus={[Function]}
                                          type="text"
                                          value=""
                                        />
                                      </div>
                                    </div>
                                  </div>
                                </ForwardRef(TextInput)>
                              </TextField>
                            </FormFieldHideWrapper>
                          </FormConditionWrapper>
                        </SingleField>
                        <SingleField
                          component="spy-field"
                          key="spy-field"
                          name="spy-field"
                        >
                          <FormConditionWrapper
                            field={
                              Object {
                                "component": "spy-field",
                                "initialize": undefined,
                                "name": "spy-field",
                              }
                            }
                          >
                            <FormFieldHideWrapper
                              hideField={false}
                            >
                              <SpyField
                                component="spy-field"
                                name="spy-field"
                              >
                                <FormSpy
                                  onChange={[Function]}
                                  subscription={
                                    Object {
                                      "pristine": true,
                                      "valid": true,
                                    }
                                  }
                                />
                              </SpyField>
                            </FormFieldHideWrapper>
                          </FormConditionWrapper>
                        </SingleField>
                        <FormSpy>
                          <FormControls
                            Button={[Function]}
                            ButtonGroup={[Function]}
                            FormSpy={[Function]}
                            buttonOrder={
                              Array [
                                "submit",
                                "reset",
                                "cancel",
                              ]
                            }
                            buttonsProps={Object {}}
                            canReset={false}
                            canSubmit={false}
                            cancelLabel="Cancel"
                            disableSubmit={true}
                            formFields={
                              Array [
                                <SingleField
                                  component="text-field"
                                  id="name"
                                  isRequired={true}
                                  label="Name"
                                  maxLength={128}
                                  name="name"
                                  validate={
                                    Array [
                                      Object {
                                        "type": "required",
                                      },
                                    ]
                                  }
                                />,
                                <SingleField
                                  component="spy-field"
                                  name="spy-field"
                                />,
                              ]
                            }
                            formSpyProps={
                              Object {
                                "active": undefined,
                                "dirty": false,
                                "dirtyFields": Object {},
                                "dirtyFieldsSinceLastSubmit": Object {},
                                "dirtySinceLastSubmit": false,
                                "error": undefined,
                                "errors": Object {},
                                "form": Object {
                                  "batch": [Function],
                                  "blur": [Function],
                                  "change": [Function],
                                  "destroyOnUnregister": false,
                                  "focus": [Function],
                                  "getFieldState": [Function],
                                  "getRegisteredFields": [Function],
                                  "getState": [Function],
                                  "initialize": [Function],
                                  "isValidationPaused": [Function],
                                  "mutators": Object {
                                    "concat": [Function],
                                    "insert": [Function],
                                    "move": [Function],
                                    "pop": [Function],
                                    "push": [Function],
                                    "remove": [Function],
                                    "removeBatch": [Function],
                                    "shift": [Function],
                                    "swap": [Function],
                                    "unshift": [Function],
                                    "update": [Function],
                                  },
                                  "pauseValidation": [Function],
                                  "registerField": [Function],
                                  "reset": [Function],
                                  "resetFieldState": [Function],
                                  "restart": [Function],
                                  "resumeValidation": [Function],
                                  "setConfig": [Function],
                                  "submit": [Function],
                                  "subscribe": [Function],
                                },
                                "hasSubmitErrors": false,
                                "hasValidationErrors": false,
                                "initialValues": Object {},
                                "invalid": false,
                                "modified": Object {},
                                "modifiedSinceLastSubmit": false,
                                "pristine": true,
                                "submitError": undefined,
                                "submitErrors": undefined,
                                "submitFailed": false,
                                "submitSucceeded": false,
                                "submitting": false,
                                "touched": Object {},
                                "valid": true,
                                "validating": false,
                                "values": Object {},
                                "visited": Object {},
                              }
                            }
                            onCancel={[Function]}
                            onReset={[Function]}
                            resetLabel="Reset"
                            schema={
                              Object {
                                "fields": Array [
                                  Object {
                                    "component": "text-field",
                                    "id": "name",
                                    "isRequired": true,
                                    "label": "Name",
                                    "maxLength": 128,
                                    "name": "name",
                                    "validate": Array [
                                      Object {
                                        "type": "required",
                                      },
                                    ],
                                  },
                                  Object {
                                    "component": "spy-field",
                                    "initialize": undefined,
                                    "name": "spy-field",
                                  },
                                ],
                              }
                            }
                            submitLabel="Save"
                          >
                            <ButtonGroup>
                              <ButtonSet
                                className="ddorg__carbon-form-template-buttons"
                              >
                                <div
                                  className="ddorg__carbon-form-template-buttons bx--btn-set"
                                >
                                  <Button
                                    buttonType="submit"
                                    disabled={true}
                                    key="form-submit"
                                    label="Save"
                                    type="submit"
                                    variant="primary"
                                  >
                                    <Button
                                      disabled={true}
                                      kind="primary"
                                      size="default"
                                      tabIndex={0}
                                      tooltipAlignment="center"
                                      tooltipPosition="top"
                                      type="submit"
                                      variant="primary"
                                    >
                                      <button
                                        className="bx--btn bx--btn--primary bx--btn--disabled"
                                        disabled={true}
                                        tabIndex={0}
                                        type="submit"
                                        variant="primary"
                                      >
                                        Save
                                      </button>
                                    </Button>
                                  </Button>
                                  <Button
                                    buttonType="cancel"
                                    key="form-cancel"
                                    label="Cancel"
                                    onClick={[Function]}
                                    type="button"
                                  >
                                    <Button
                                      disabled={false}
                                      kind="secondary"
                                      onClick={[Function]}
                                      size="default"
                                      tabIndex={0}
                                      tooltipAlignment="center"
                                      tooltipPosition="top"
                                      type="button"
                                    >
                                      <button
                                        className="bx--btn bx--btn--secondary"
                                        disabled={false}
                                        onClick={[Function]}
                                        tabIndex={0}
                                        type="button"
                                      >
                                        Cancel
                                      </button>
                                    </Button>
                                  </Button>
                                </div>
                              </ButtonSet>
                            </ButtonGroup>
                          </FormControls>
                        </FormSpy>
                         
                      </form>
                    </Form>
                  </Form>
                </FormTemplate>
              </WrappedFormTemplate>
            </Component>
          </ReactFinalForm>
        </FormRenderer>
      </MiqFormRenderer>
    </Connect(MiqFormRenderer)>
  </VmCommonRenameForm>
</Provider>
`;
