// Jest Snapshot v1, https://goo.gl/fbAQLP

exports[`Tag Component match snapshot 1`] = `
<li>
  <span
    className="label label-info"
  >
    animal
    : 
    duck
    <a
      href="#"
      onClick={[Function]}
    >
      <span
        aria-hidden="true"
        className="pficon pficon-close"
      />
      <span
        className="sr-only"
      >
        Remove
      </span>
    </a>
  </span>
</li>
`;
