// Jest Snapshot v1, https://goo.gl/fbAQLP

exports[`Some dummy test 1`] = `
<ul
  className="list-inline"
>
  <li>
    <span
      className="label label-info"
    >
      animal
      : 
      pig
      <a
        href="#"
        onClick={[Function]}
      >
        <span
          aria-hidden="true"
          className="pficon pficon-close"
        />
        <span
          className="sr-only"
        >
          Remove
        </span>
      </a>
    </span>
  </li>
  <li>
    <span
      className="label label-info"
    >
      planet
      : 
      Earth
      <a
        href="#"
        onClick={[Function]}
      >
        <span
          aria-hidden="true"
          className="pficon pficon-close"
        />
        <span
          className="sr-only"
        >
          Remove
        </span>
      </a>
    </span>
  </li>
</ul>
`;
