// Jest Snapshot v1, https://goo.gl/fbAQLP

exports[`visual settings form matches the snapshot 1`] = `""`;
